
Collecting usage statistics. To deactivate, set browser.gatherUsageStats to false.


  You can now view your Streamlit app in your browser.

  Local URL: http://localhost:8501
  Network URL: http://192.168.0.5:8501
  External URL: http://222.112.126.152:8501

  Stopping...

Collecting usage statistics. To deactivate, set browser.gatherUsageStats to false.


  You can now view your Streamlit app in your browser.

  Local URL: http://localhost:8501
  Network URL: http://192.168.0.5:8501
  External URL: http://222.112.126.152:8501

2026-03-16 19:11:59.410 Script compilation error
Traceback (most recent call last):
  File "/workspace/jayeondeule/venv/lib/python3.12/site-packages/streamlit/runtime/scriptrunner/script_runner.py", line 591, in _run_script
    code = self._script_cache.get_bytecode(script_path)
           ^^^^^^^^^^^^^^^^^^^^^^^^^^^^^^^^^^^^^^^^^^^^
  File "/workspace/jayeondeule/venv/lib/python3.12/site-packages/streamlit/runtime/scriptrunner/script_cache.py", line 68, in get_bytecode
    with open_python_file(script_path) as f:
         ^^^^^^^^^^^^^^^^^^^^^^^^^^^^^
  File "/workspace/jayeondeule/venv/lib/python3.12/site-packages/streamlit/source_util.py", line 54, in open_python_file
    return tokenize.open(filename)
           ^^^^^^^^^^^^^^^^^^^^^^^
  File "/usr/lib/python3.12/tokenize.py", line 449, in open
    buffer = _builtin_open(filename, 'rb')
             ^^^^^^^^^^^^^^^^^^^^^^^^^^^^^
FileNotFoundError: [Errno 2] No such file or directory: '/workspace/jayeondeule/agent_project/app.py'
2026-03-16 19:11:59.462 Thread 'MainThread': missing ScriptRunContext! This warning can be ignored when running in bare mode.
